RAM Allocation [bytes]
Variable                                                                          Address   Size
------------------------------------------------------------------------------------------------
keyDriver                                                                         0x0160       4
keyConfig1                                                                        0x0164       3
keyConfig2                                                                        0x0167       3
keyConfig3                                                                        0x016A       3
key1                                                                              0x016D       5
key2                                                                              0x0172       5
key3                                                                              0x0177       5
keyDriver                                                                         0x017C       2
keys                                                                              0x017E       6

EEPROM Allocation [bytes]
Variable                                                                          Address   Size
------------------------------------------------------------------------------------------------

Register Allocation
Variable                                                                          Register  Size
------------------------------------------------------------------------------------------------

FLASH Allocation [words]
Function                                                                          Address   Size
------------------------------------------------------------------------------------------------
main                                                                              0x0006E     71
timer1_compa_isr                                                                  0x000B5     28
Key1_onChange                                                                     0x000D1     12
Key3_onChange                                                                     0x000EE     23
Key_init                                                                          0x00105      9
Key_irq                                                                           0x0010E    121
Key_setConfig                                                                     0x00187      9
Key_onChange                                                                      0x001D4     11
Key_initPin                                                                       0x001DF     30
Key_readPin                                                                       0x001FD     16
